node.exe : тЪа turbopack.root should be absolute, using: C:\Users\solom\Desktop
строка:1 знак:1
+ & "C:\nvm4w\nodejs/node.exe" "C:\nvm4w\nodejs/node_modules/npm/bin/np ...
+ ~~~~~~~~~~~~~~~~~~~~~~~~~~~~~~~~~~~~~~~~~~~~~~~~~~~~~~~~~~~~~~~~~~~~~
    + CategoryInfo          : NotSpecified: (тЪа turbopack.r...s\solom\Desktop:String) [], RemoteException
    + FullyQualifiedErrorId : NativeCommandError
 
тЦ▓ Next.js 16.2.4 (Turbopack)
- Environments: .env

тЪа The "middleware" file convention is deprecated. Please use "proxy" instead. Learn more: https://nextjs.org/docs/mes
sages/middleware-to-proxy
  Creating an optimized production build ...
Turbopack build encountered 2 warnings:
./doxod/next.config.ts
Encountered unexpected file in NFT list
A file was traced that indicates that the whole project was traced unintentionally. Somewhere in the import trace below
, there are:
- filesystem operations (like path.join, path.resolve or fs.readFile), or
- very dynamic requires (like require('./' + foo)).
To resolve this, you can
- remove them if possible, or
- only use them in development, or
- make sure they are statically scoped to some subfolder: path.join(process.cwd(), 'data', bar), or
- add ignore comments: path.join(/*turbopackIgnore: true*/ process.cwd(), bar)

Import trace:
  App Route:
    ./doxod/next.config.ts
    ./doxod/src/generated/prisma/index.js
    ./doxod/src/lib/prisma.ts
    ./doxod/src/lib/auth.ts
    ./doxod/src/app/api/auth/[...nextauth]/route.ts


./doxod/next.config.ts
Encountered unexpected file in NFT list
A file was traced that indicates that the whole project was traced unintentionally. Somewhere in the import trace below
, there are:
- filesystem operations (like path.join, path.resolve or fs.readFile), or
- very dynamic requires (like require('./' + foo)).
To resolve this, you can
- remove them if possible, or
- only use them in development, or
- make sure they are statically scoped to some subfolder: path.join(process.cwd(), 'data', bar), or
- add ignore comments: path.join(/*turbopackIgnore: true*/ process.cwd(), bar)

Output asset trace:
  [output]/doxod/.next/server/app/(dashboard)/dashboard/page.js
  [output]/doxod/.next/server/chunks/ssr/doxod_061cyk-._.js

Import trace:
  App Route:
    ./doxod/next.config.ts
    ./doxod/src/generated/prisma/index.js
    ./doxod/src/lib/prisma.ts
    ./doxod/src/lib/auth.ts
    ./doxod/src/app/api/auth/[...nextauth]/route.ts



> Build error occurred
Error: Turbopack build failed with 3 errors:
./doxod/src/components/ui/badge.tsx:1:1
Module not found: Can't resolve '@base-ui/react/merge-props'
[31m[1m>[0m [90m1 |[0m [36mimport[0m { mergeProps } [36mfrom[0m [32m"@base-ui/react/merge-props"[0m
  [90m  |[0m [31m[1m^^^^^^^^^^^^^^^^^^^^^^^^^^^^^^^^^^^^^^^^^^^^^^^^^^^^^^^[0m
  [90m2 |[0m [36mimport[0m { useRender } [36mfrom[0m [32m"@base-ui/react/use-render"[0m
  [90m3 |[0m [36mimport[0m { cva, [36mtype[0m [33mVariantProps[0m } [36mfrom[0m [32m"class-variance-authorit
y"[0m
  [90m4 |[0m



Import traces:
  Server Component:
    ./doxod/src/components/ui/badge.tsx
    ./doxod/src/app/(dashboard)/transactions/page.tsx

  Client Component Browser:
    ./doxod/src/components/ui/badge.tsx [Client Component Browser]
    ./doxod/src/components/goals/GoalCard.tsx [Client Component Browser]
    ./doxod/src/components/goals/GoalCard.tsx [Server Component]
    ./doxod/src/app/(dashboard)/goals/page.tsx [Server Component]

  Client Component SSR:
    ./doxod/src/components/ui/badge.tsx [Client Component SSR]
    ./doxod/src/components/goals/GoalCard.tsx [Client Component SSR]
    ./doxod/src/components/goals/GoalCard.tsx [Server Component]
    ./doxod/src/app/(dashboard)/goals/page.tsx [Server Component]

  App Route:
    ./doxod/src/components/ui/badge.tsx
    ./doxod/src/generated/prisma/index.js
    ./doxod/src/lib/prisma.ts
    ./doxod/src/lib/auth.ts
    ./doxod/src/app/api/auth/[...nextauth]/route.ts

https://nextjs.org/docs/messages/module-not-found


./doxod/src/components/ui/badge.tsx:2:1
Module not found: Can't resolve '@base-ui/react/use-render'
  [90m1 |[0m [36mimport[0m { mergeProps } [36mfrom[0m [32m"@base-ui/react/merge-props"[0m
[31m[1m>[0m [90m2 |[0m [36mimport[0m { useRender } [36mfrom[0m [32m"@base-ui/react/use-render"[0m
  [90m  |[0m [31m[1m^^^^^^^^^^^^^^^^^^^^^^^^^^^^^^^^^^^^^^^^^^^^^^^^^^^^^[0m
  [90m3 |[0m [36mimport[0m { cva, [36mtype[0m [33mVariantProps[0m } [36mfrom[0m [32m"class-variance-authorit
y"[0m
  [90m4 |[0m
  [90m5 |[0m [36mimport[0m { cn } [36mfrom[0m [32m"@/lib/utils"[0m



Import traces:
  Server Component:
    ./doxod/src/components/ui/badge.tsx
    ./doxod/src/app/(dashboard)/transactions/page.tsx

  Client Component Browser:
    ./doxod/src/components/ui/badge.tsx [Client Component Browser]
    ./doxod/src/components/goals/GoalCard.tsx [Client Component Browser]
    ./doxod/src/components/goals/GoalCard.tsx [Server Component]
    ./doxod/src/app/(dashboard)/goals/page.tsx [Server Component]

  Client Component SSR:
    ./doxod/src/components/ui/badge.tsx [Client Component SSR]
    ./doxod/src/components/goals/GoalCard.tsx [Client Component SSR]
    ./doxod/src/components/goals/GoalCard.tsx [Server Component]
    ./doxod/src/app/(dashboard)/goals/page.tsx [Server Component]

  App Route:
    ./doxod/src/components/ui/badge.tsx
    ./doxod/src/generated/prisma/index.js
    ./doxod/src/lib/prisma.ts
    ./doxod/src/lib/auth.ts
    ./doxod/src/app/api/auth/[...nextauth]/route.ts

https://nextjs.org/docs/messages/module-not-found


./doxod/src/components/ui/badge.tsx:3:1
Module not found: Can't resolve 'class-variance-authority'
  [90m1 |[0m [36mimport[0m { mergeProps } [36mfrom[0m [32m"@base-ui/react/merge-props"[0m
  [90m2 |[0m [36mimport[0m { useRender } [36mfrom[0m [32m"@base-ui/react/use-render"[0m
[31m[1m>[0m [90m3 |[0m [36mimport[0m { cva, [36mtype[0m [33mVariantProps[0m } [36mfrom[0m [32m"class-vari
ance-authority"[0m
  [90m  |[0m [31m[1m^^^^^^^^^^^^^^^^^^^^^^^^^^^^^^^^^^^^^^^^^^^^^^^^^^^^^^^^^^^^^^^^^[0m
  [90m4 |[0m
  [90m5 |[0m [36mimport[0m { cn } [36mfrom[0m [32m"@/lib/utils"[0m
  [90m6 |[0m



Import traces:
  Server Component:
    ./doxod/src/components/ui/badge.tsx
    ./doxod/src/app/(dashboard)/transactions/page.tsx

  Client Component Browser:
    ./doxod/src/components/ui/badge.tsx [Client Component Browser]
    ./doxod/src/components/goals/GoalCard.tsx [Client Component Browser]
    ./doxod/src/components/goals/GoalCard.tsx [Server Component]
    ./doxod/src/app/(dashboard)/goals/page.tsx [Server Component]

  Client Component SSR:
    ./doxod/src/components/ui/badge.tsx [Client Component SSR]
    ./doxod/src/components/goals/GoalCard.tsx [Client Component SSR]
    ./doxod/src/components/goals/GoalCard.tsx [Server Component]
    ./doxod/src/app/(dashboard)/goals/page.tsx [Server Component]

  App Route:
    ./doxod/src/components/ui/badge.tsx
    ./doxod/src/generated/prisma/index.js
    ./doxod/src/lib/prisma.ts
    ./doxod/src/lib/auth.ts
    ./doxod/src/app/api/auth/[...nextauth]/route.ts

https://nextjs.org/docs/messages/module-not-found


    at <unknown> (./doxod/src/components/ui/badge.tsx:1:1)
    at <unknown> (https://nextjs.org/docs/messages/module-not-found)
    at <unknown> (./doxod/src/components/ui/badge.tsx:2:1)
    at <unknown> (https://nextjs.org/docs/messages/module-not-found)
    at <unknown> (./doxod/src/components/ui/badge.tsx:3:1)
    at <unknown> (https://nextjs.org/docs/messages/module-not-found)
